// Jest Snapshot v1, https://goo.gl/fbAQLP

exports[`<Loader/> render correctly (snapshot) 1`] = `
<Loader>
  <center>
    Loader
  </center>
</Loader>
`;
