// Jest Snapshot v1, https://goo.gl/fbAQLP

exports[`<PrimaryButton/> render correctly (snapshot) 1`] = `
<PrimaryButton>
  <button
    className="button undefined"
  >
    button
  </button>
</PrimaryButton>
`;
